Archive member included because of file (symbol)

a:/programs/winavr/bin/../lib/gcc/avr/4.3.3/avr51\libgcc.a(_exit.o)
                              a:/programs/winavr/bin/../lib/gcc/avr/4.3.3/../../../../avr/lib/avr51/crtm1280.o (exit)

Discarded input sections

 .data          0x00000000        0x0 a:/programs/winavr/bin/../lib/gcc/avr/4.3.3/../../../../avr/lib/avr51/crtm1280.o
 .bss           0x00000000        0x0 a:/programs/winavr/bin/../lib/gcc/avr/4.3.3/../../../../avr/lib/avr51/crtm1280.o
 .text          0x00000000        0x0 i2c.o
 .data          0x00000000        0x0 i2c.o
 .bss           0x00000000        0x0 i2c.o
 .text.i2c_stop
                0x00000000        0x0 i2c.o
 .text.i2c_start
                0x00000000        0x0 i2c.o
 .text.i2c_restart
                0x00000000        0x0 i2c.o
 .text.i2c_init
                0x00000000        0x0 i2c.o
 .text.i2c_send_byte
                0x00000000        0x0 i2c.o
 .text.i2c_read_byte
                0x00000000        0x0 i2c.o
 .text          0x00000000        0x0 main.o
 .data          0x00000000        0x0 main.o
 .bss           0x00000000        0x0 main.o
 .text          0x00000000        0x0 a:/programs/winavr/bin/../lib/gcc/avr/4.3.3/avr51\libgcc.a(_exit.o)
 .data          0x00000000        0x0 a:/programs/winavr/bin/../lib/gcc/avr/4.3.3/avr51\libgcc.a(_exit.o)
 .bss           0x00000000        0x0 a:/programs/winavr/bin/../lib/gcc/avr/4.3.3/avr51\libgcc.a(_exit.o)
 .text.libgcc   0x00000000        0x0 a:/programs/winavr/bin/../lib/gcc/avr/4.3.3/avr51\libgcc.a(_exit.o)

Memory Configuration

Name             Origin             Length             Attributes
text             0x00000000         0x00020000         xr
data             0x00800060         0x0000ffa0         rw !x
eeprom           0x00810000         0x00010000         rw !x
fuse             0x00820000         0x00000400         rw !x
lock             0x00830000         0x00000400         rw !x
signature        0x00840000         0x00000400         rw !x
*default*        0x00000000         0xffffffff

Linker script and memory map

Address of section .data set to 0x800200
LOAD a:/programs/winavr/bin/../lib/gcc/avr/4.3.3/../../../../avr/lib/avr51/crtm1280.o
LOAD i2c.o
LOAD main.o
START GROUP
LOAD a:/programs/winavr/bin/../lib/gcc/avr/4.3.3/../../../../avr/lib/avr51\libm.a
END GROUP
LOAD a:/programs/winavr/bin/../lib/gcc/avr/4.3.3/avr51\libgcc.a
LOAD a:/programs/winavr/bin/../lib/gcc/avr/4.3.3/../../../../avr/lib/avr51\libm.a
LOAD a:/programs/winavr/bin/../lib/gcc/avr/4.3.3/avr51\libgcc.a
LOAD a:/programs/winavr/bin/../lib/gcc/avr/4.3.3/../../../../avr/lib/avr51\libc.a
LOAD a:/programs/winavr/bin/../lib/gcc/avr/4.3.3/avr51\libgcc.a

.hash
 *(.hash)

.dynsym
 *(.dynsym)

.dynstr
 *(.dynstr)

.gnu.version
 *(.gnu.version)

.gnu.version_d
 *(.gnu.version_d)

.gnu.version_r
 *(.gnu.version_r)

.rel.init
 *(.rel.init)

.rela.init
 *(.rela.init)

.rel.text
 *(.rel.text)
 *(.rel.text.*)
 *(.rel.gnu.linkonce.t*)

.rela.text
 *(.rela.text)
 *(.rela.text.*)
 *(.rela.gnu.linkonce.t*)

.rel.fini
 *(.rel.fini)

.rela.fini
 *(.rela.fini)

.rel.rodata
 *(.rel.rodata)
 *(.rel.rodata.*)
 *(.rel.gnu.linkonce.r*)

.rela.rodata
 *(.rela.rodata)
 *(.rela.rodata.*)
 *(.rela.gnu.linkonce.r*)

.rel.data
 *(.rel.data)
 *(.rel.data.*)
 *(.rel.gnu.linkonce.d*)

.rela.data
 *(.rela.data)
 *(.rela.data.*)
 *(.rela.gnu.linkonce.d*)

.rel.ctors
 *(.rel.ctors)

.rela.ctors
 *(.rela.ctors)

.rel.dtors
 *(.rel.dtors)

.rela.dtors
 *(.rela.dtors)

.rel.got
 *(.rel.got)

.rela.got
 *(.rela.got)

.rel.bss
 *(.rel.bss)

.rela.bss
 *(.rela.bss)

.rel.plt
 *(.rel.plt)

.rela.plt
 *(.rela.plt)

.text           0x00000000      0x26a
 *(.vectors)
 .vectors       0x00000000       0xe4 a:/programs/winavr/bin/../lib/gcc/avr/4.3.3/../../../../avr/lib/avr51/crtm1280.o
                0x00000000                __vectors
                0x00000000                __vector_default
 *(.vectors)
 *(.progmem.gcc*)
 *(.progmem*)
                0x000000e4                . = ALIGN (0x2)
                0x000000e4                __trampolines_start = .
 *(.trampolines)
 .trampolines   0x000000e4        0x0 linker stubs
 *(.trampolines*)
                0x000000e4                __trampolines_end = .
 *(.jumptables)
 *(.jumptables*)
 *(.lowtext)
 *(.lowtext*)
                0x000000e4                __ctors_start = .
 *(.ctors)
                0x000000e4                __ctors_end = .
                0x000000e4                __dtors_start = .
 *(.dtors)
                0x000000e4                __dtors_end = .
 SORT(*)(.ctors)
 SORT(*)(.dtors)
 *(.init0)
 .init0         0x000000e4        0x0 a:/programs/winavr/bin/../lib/gcc/avr/4.3.3/../../../../avr/lib/avr51/crtm1280.o
                0x000000e4                __init
 *(.init0)
 *(.init1)
 *(.init1)
 *(.init2)
 .init2         0x000000e4        0xc a:/programs/winavr/bin/../lib/gcc/avr/4.3.3/../../../../avr/lib/avr51/crtm1280.o
 *(.init2)
 *(.init3)
 *(.init3)
 *(.init4)
 .init4         0x000000f0       0x1a a:/programs/winavr/bin/../lib/gcc/avr/4.3.3/../../../../avr/lib/avr51/crtm1280.o
                0x000000f0                __do_copy_data
 *(.init4)
 *(.init5)
 *(.init5)
 *(.init6)
 *(.init6)
 *(.init7)
 *(.init7)
 *(.init8)
 *(.init8)
 *(.init9)
 .init9         0x0000010a        0x4 a:/programs/winavr/bin/../lib/gcc/avr/4.3.3/../../../../avr/lib/avr51/crtm1280.o
 *(.init9)
 *(.text)
 .text          0x0000010e        0x2 a:/programs/winavr/bin/../lib/gcc/avr/4.3.3/../../../../avr/lib/avr51/crtm1280.o
                0x0000010e                __vector_38
                0x0000010e                __vector_22
                0x0000010e                __vector_28
                0x0000010e                __vector_1
                0x0000010e                __vector_32
                0x0000010e                __vector_34
                0x0000010e                __vector_24
                0x0000010e                __vector_12
                0x0000010e                __vector_55
                0x0000010e                __vector_46
                0x0000010e                __bad_interrupt
                0x0000010e                __vector_6
                0x0000010e                __vector_31
                0x0000010e                __vector_35
                0x0000010e                __vector_39
                0x0000010e                __vector_3
                0x0000010e                __vector_23
                0x0000010e                __vector_30
                0x0000010e                __vector_45
                0x0000010e                __vector_25
                0x0000010e                __vector_11
                0x0000010e                __vector_54
                0x0000010e                __vector_13
                0x0000010e                __vector_17
                0x0000010e                __vector_19
                0x0000010e                __vector_56
                0x0000010e                __vector_7
                0x0000010e                __vector_49
                0x0000010e                __vector_41
                0x0000010e                __vector_43
                0x0000010e                __vector_27
                0x0000010e                __vector_5
                0x0000010e                __vector_33
                0x0000010e                __vector_47
                0x0000010e                __vector_52
                0x0000010e                __vector_37
                0x0000010e                __vector_4
                0x0000010e                __vector_44
                0x0000010e                __vector_51
                0x0000010e                __vector_9
                0x0000010e                __vector_2
                0x0000010e                __vector_21
                0x0000010e                __vector_15
                0x0000010e                __vector_36
                0x0000010e                __vector_29
                0x0000010e                __vector_40
                0x0000010e                __vector_8
                0x0000010e                __vector_26
                0x0000010e                __vector_48
                0x0000010e                __vector_14
                0x0000010e                __vector_53
                0x0000010e                __vector_10
                0x0000010e                __vector_50
                0x0000010e                __vector_16
                0x0000010e                __vector_18
                0x0000010e                __vector_20
                0x0000010e                __vector_42
                0x00000110                . = ALIGN (0x2)
 *(.text.*)
 .text._Z8portInitv
                0x00000110       0x10 main.o
                0x00000110                portInit()
 .text.main     0x00000120      0x146 main.o
                0x00000120                main
                0x00000266                . = ALIGN (0x2)
 *(.fini9)
 .fini9         0x00000266        0x0 a:/programs/winavr/bin/../lib/gcc/avr/4.3.3/avr51\libgcc.a(_exit.o)
                0x00000266                exit
                0x00000266                _exit
 *(.fini9)
 *(.fini8)
 *(.fini8)
 *(.fini7)
 *(.fini7)
 *(.fini6)
 *(.fini6)
 *(.fini5)
 *(.fini5)
 *(.fini4)
 *(.fini4)
 *(.fini3)
 *(.fini3)
 *(.fini2)
 *(.fini2)
 *(.fini1)
 *(.fini1)
 *(.fini0)
 .fini0         0x00000266        0x4 a:/programs/winavr/bin/../lib/gcc/avr/4.3.3/avr51\libgcc.a(_exit.o)
 *(.fini0)
                0x0000026a                _etext = .

.data           0x00800200        0x0 load address 0x0000026a
                0x00800200                PROVIDE (__data_start, .)
 *(.data)
 *(.data*)
 *(.rodata)
 *(.rodata*)
 *(.gnu.linkonce.d*)
                0x00800200                . = ALIGN (0x2)
                0x00800200                _edata = .
                0x00800200                PROVIDE (__data_end, .)

.bss            0x00800200        0x0
                0x00800200                PROVIDE (__bss_start, .)
 *(.bss)
 *(.bss*)
 *(COMMON)
                0x00800200                PROVIDE (__bss_end, .)
                0x0000026a                __data_load_start = LOADADDR (.data)
                0x0000026a                __data_load_end = (__data_load_start + SIZEOF (.data))

.noinit         0x00800200        0x0
                0x00800200                PROVIDE (__noinit_start, .)
 *(.noinit*)
                0x00800200                PROVIDE (__noinit_end, .)
                0x00800200                _end = .
                0x00800200                PROVIDE (__heap_start, .)

.eeprom         0x00810000        0x0
 *(.eeprom*)
                0x00810000                __eeprom_end = .

.fuse
 *(.fuse)
 *(.lfuse)
 *(.hfuse)
 *(.efuse)

.lock
 *(.lock*)

.signature
 *(.signature*)

.stab
 *(.stab)

.stabstr
 *(.stabstr)

.stab.excl
 *(.stab.excl)

.stab.exclstr
 *(.stab.exclstr)

.stab.index
 *(.stab.index)

.stab.indexstr
 *(.stab.indexstr)

.comment
 *(.comment)

.debug
 *(.debug)

.line
 *(.line)

.debug_srcinfo
 *(.debug_srcinfo)

.debug_sfnames
 *(.debug_sfnames)

.debug_aranges  0x00000000       0x70
 *(.debug_aranges)
 .debug_aranges
                0x00000000       0x48 i2c.o
 .debug_aranges
                0x00000048       0x28 main.o

.debug_pubnames
                0x00000000       0x96
 *(.debug_pubnames)
 .debug_pubnames
                0x00000000       0x6e i2c.o
 .debug_pubnames
                0x0000006e       0x28 main.o

.debug_info     0x00000000      0x91c
 *(.debug_info)
 .debug_info    0x00000000      0x684 i2c.o
 .debug_info    0x00000684      0x298 main.o
 *(.gnu.linkonce.wi.*)

.debug_abbrev   0x00000000      0x27d
 *(.debug_abbrev)
 .debug_abbrev  0x00000000      0x17b i2c.o
 .debug_abbrev  0x0000017b      0x102 main.o

.debug_line     0x00000000      0x699
 *(.debug_line)
 .debug_line    0x00000000      0x3f9 i2c.o
 .debug_line    0x000003f9      0x2a0 main.o

.debug_frame    0x00000000       0xa0
 *(.debug_frame)
 .debug_frame   0x00000000       0x70 i2c.o
 .debug_frame   0x00000070       0x30 main.o

.debug_str      0x00000000      0x14a
 *(.debug_str)
 .debug_str     0x00000000       0xf5 i2c.o
                                0x12e (size before relaxing)
 .debug_str     0x000000f5       0x55 main.o
                                0x11d (size before relaxing)

.debug_loc      0x00000000      0x3c8
 *(.debug_loc)
 .debug_loc     0x00000000      0x280 i2c.o
 .debug_loc     0x00000280      0x148 main.o

.debug_macinfo
 *(.debug_macinfo)
OUTPUT(test3.elf elf32-avr)
LOAD linker stubs

.debug_ranges   0x00000000      0x120
 .debug_ranges  0x00000000       0xd0 i2c.o
 .debug_ranges  0x000000d0       0x50 main.o
